// Jest Snapshot v1, https://goo.gl/fbAQLP

exports[`Render StyledProductCard render product card 1`] = `ReactWrapper {}`;
